
> astrology-in-bharat-services@0.0.1 build D:\live\astrology-in-bharat-services
> nest build

